exports[`Header should render a header 1`] = `
<div>
  <div>
    <a
      className="clickable helper"
      href="#helper-popup">
      <img
        alt="help"
        className="helper__img"
        src="fileMock" />
    </a>
    <div
      className="overlay"
      id="helper-popup">
      <div
        className="popup">
        <h2>
          Aide
        </h2>
        <a
          className="close"
          href="#">
          ×
        </a>
        <div
          className="popup__content">
          <ul>
            <li>
              Cliquer sur le staffing pour avoir les détails
            </li>
            <li>
              Cliquer sur le staffing d\'un projet pour l\'éditer
            </li>
            <li>
              Appuyer sur \`Backspace\` pour vider une case
            </li>
            <li>
              Appuyer sur \`Enter\` pour sauvegarder
            </li>
          </ul>
        </div>
      </div>
    </div>
  </div>
  <a
    className="trelloLink"
    href="https://trello.com/b/4p4llsMz/captain-staffing"
    rel="noopener noreferrer"
    target="_blank">
    <img
      alt="trello"
      className="trelloLink__img"
      src="fileMock" />
  </a>
  <h1
    className="brand">
    Captain Staffing
  </h1>
</div>
`;
